node.exe : FAIL test/revenue.e2e-spec.ts
At C:\Program Files\nodejs\npx.ps1:29 char:3
+   & $NODE_EXE $NPX_CLI_JS $args
+   ~~~~~~~~~~~~~~~~~~~~~~~~~~~~~
    + CategoryInfo          : NotSpecified: (FAIL test/revenue.e2e-spec.ts:String) [], RemoteExcepti 
   on
    + FullyQualifiedErrorId : NativeCommandError
 
  ΓùÅ RevenueController (e2e) ΓÇ║ /revenue/manual (POST) ΓÇ║ 1. should save a valid manual report 
successfully (Happy Path)

    TypeError: A dynamic import callback was invoked without --experimental-vm-modules

    [0m [90m 38 |[39m
     [90m 39 |[39m config[33m.[39mcompilerWasm [33m=[39m {
    [31m[1m>[22m[39m[90m 40 |[39m   getRuntime[33m:[39m [36masync[39m () [33m=>[39m 
[36mawait[39m 
[36mimport[39m([32m"@prisma/client/runtime/query_compiler_bg.postgresql.js"[39m)[33m,[39m
     [90m    |[39m                           [31m[1m^[22m[39m
     [90m 41 |[39m
     [90m 42 |[39m   getQueryCompilerWasmModule[33m:[39m [36masync[39m () [33m=>[39m {
     [90m 43 |[39m     [36mconst[39m { wasm } [33m=[39m [36mawait[39m 
[36mimport[39m([32m"@prisma/client/runtime/query_compiler_bg.postgresql.wasm-base64.js"[39m)[0m

      at Object.getRuntime (../prisma/generated/internal/class.ts:40:27)
      at 
../node_modules/@prisma/client/src/runtime/core/engines/client/WasmQueryCompilerLoader.ts:28:44
      at Object.loadQueryCompiler 
(../node_modules/@prisma/client/src/runtime/core/engines/client/WasmQueryCompilerLoader.ts:45:7)
      at Dt.#o 
(../node_modules/@prisma/client/src/runtime/core/engines/client/ClientEngine.ts:242:66)
      at #instantiateQueryCompiler 
(../node_modules/@prisma/client/src/runtime/core/engines/client/ClientEngine.ts:170:40)
      at Dt.#i 
(../node_modules/@prisma/client/src/runtime/core/engines/client/ClientEngine.ts:193:16)
      at Dt.start 
(../node_modules/@prisma/client/src/runtime/core/engines/client/ClientEngine.ts:356:5)
      at Proxy.onModuleInit (../src/prisma/prisma.service.ts:13:5)
          at async Promise.all (index 0)
      at callModuleInitHook (../node_modules/@nestjs/core/hooks/on-module-init.hook.js:43:5)
      at Proxy.callInitHook (../node_modules/@nestjs/core/nest-application-context.js:242:13)
      at Proxy.init (../node_modules/@nestjs/core/nest-application.js:103:9)
      at Object.<anonymous> (revenue.e2e-spec.ts:29:5)

  ΓùÅ RevenueController (e2e) ΓÇ║ /revenue/manual (POST) ΓÇ║ 2. should return 400 Bad Request when 
totalAmount != sum of rows

    TypeError: A dynamic import callback was invoked without --experimental-vm-modules

    [0m [90m 38 |[39m
     [90m 39 |[39m config[33m.[39mcompilerWasm [33m=[39m {
    [31m[1m>[22m[39m[90m 40 |[39m   getRuntime[33m:[39m [36masync[39m () [33m=>[39m 
[36mawait[39m 
[36mimport[39m([32m"@prisma/client/runtime/query_compiler_bg.postgresql.js"[39m)[33m,[39m
     [90m    |[39m                           [31m[1m^[22m[39m
     [90m 41 |[39m
     [90m 42 |[39m   getQueryCompilerWasmModule[33m:[39m [36masync[39m () [33m=>[39m {
     [90m 43 |[39m     [36mconst[39m { wasm } [33m=[39m [36mawait[39m 
[36mimport[39m([32m"@prisma/client/runtime/query_compiler_bg.postgresql.wasm-base64.js"[39m)[0m

      at Object.getRuntime (../prisma/generated/internal/class.ts:40:27)
      at 
../node_modules/@prisma/client/src/runtime/core/engines/client/WasmQueryCompilerLoader.ts:28:44
      at Object.loadQueryCompiler 
(../node_modules/@prisma/client/src/runtime/core/engines/client/WasmQueryCompilerLoader.ts:45:7)
      at Dt.#o 
(../node_modules/@prisma/client/src/runtime/core/engines/client/ClientEngine.ts:242:66)
      at #instantiateQueryCompiler 
(../node_modules/@prisma/client/src/runtime/core/engines/client/ClientEngine.ts:170:40)
      at Dt.#i 
(../node_modules/@prisma/client/src/runtime/core/engines/client/ClientEngine.ts:193:16)
      at Dt.start 
(../node_modules/@prisma/client/src/runtime/core/engines/client/ClientEngine.ts:356:5)
      at Proxy.onModuleInit (../src/prisma/prisma.service.ts:13:5)
          at async Promise.all (index 0)
      at callModuleInitHook (../node_modules/@nestjs/core/hooks/on-module-init.hook.js:43:5)
      at Proxy.callInitHook (../node_modules/@nestjs/core/nest-application-context.js:242:13)
      at Proxy.init (../node_modules/@nestjs/core/nest-application.js:103:9)
      at Object.<anonymous> (revenue.e2e-spec.ts:29:5)

  ΓùÅ RevenueController (e2e) ΓÇ║ /revenue/manual (POST) ΓÇ║ 3. should return 400 Bad Request for an 
invalid/non-existent vendorId matching DB check

    TypeError: A dynamic import callback was invoked without --experimental-vm-modules

    [0m [90m 38 |[39m
     [90m 39 |[39m config[33m.[39mcompilerWasm [33m=[39m {
    [31m[1m>[22m[39m[90m 40 |[39m   getRuntime[33m:[39m [36masync[39m () [33m=>[39m 
[36mawait[39m 
[36mimport[39m([32m"@prisma/client/runtime/query_compiler_bg.postgresql.js"[39m)[33m,[39m
     [90m    |[39m                           [31m[1m^[22m[39m
     [90m 41 |[39m
     [90m 42 |[39m   getQueryCompilerWasmModule[33m:[39m [36masync[39m () [33m=>[39m {
     [90m 43 |[39m     [36mconst[39m { wasm } [33m=[39m [36mawait[39m 
[36mimport[39m([32m"@prisma/client/runtime/query_compiler_bg.postgresql.wasm-base64.js"[39m)[0m

      at Object.getRuntime (../prisma/generated/internal/class.ts:40:27)
      at 
../node_modules/@prisma/client/src/runtime/core/engines/client/WasmQueryCompilerLoader.ts:28:44
      at Object.loadQueryCompiler 
(../node_modules/@prisma/client/src/runtime/core/engines/client/WasmQueryCompilerLoader.ts:45:7)
      at Dt.#o 
(../node_modules/@prisma/client/src/runtime/core/engines/client/ClientEngine.ts:242:66)
      at #instantiateQueryCompiler 
(../node_modules/@prisma/client/src/runtime/core/engines/client/ClientEngine.ts:170:40)
      at Dt.#i 
(../node_modules/@prisma/client/src/runtime/core/engines/client/ClientEngine.ts:193:16)
      at Dt.start 
(../node_modules/@prisma/client/src/runtime/core/engines/client/ClientEngine.ts:356:5)
      at Proxy.onModuleInit (../src/prisma/prisma.service.ts:13:5)
          at async Promise.all (index 0)
      at callModuleInitHook (../node_modules/@nestjs/core/hooks/on-module-init.hook.js:43:5)
      at Proxy.callInitHook (../node_modules/@nestjs/core/nest-application-context.js:242:13)
      at Proxy.init (../node_modules/@nestjs/core/nest-application.js:103:9)
      at Object.<anonymous> (revenue.e2e-spec.ts:29:5)

  ΓùÅ RevenueController (e2e) ΓÇ║ /revenue/manual (POST) ΓÇ║ 4. should return 400 Bad Request if a 
string instead of number is sent for grossRevenue

    TypeError: A dynamic import callback was invoked without --experimental-vm-modules

    [0m [90m 38 |[39m
     [90m 39 |[39m config[33m.[39mcompilerWasm [33m=[39m {
    [31m[1m>[22m[39m[90m 40 |[39m   getRuntime[33m:[39m [36masync[39m () [33m=>[39m 
[36mawait[39m 
[36mimport[39m([32m"@prisma/client/runtime/query_compiler_bg.postgresql.js"[39m)[33m,[39m
     [90m    |[39m                           [31m[1m^[22m[39m
     [90m 41 |[39m
     [90m 42 |[39m   getQueryCompilerWasmModule[33m:[39m [36masync[39m () [33m=>[39m {
     [90m 43 |[39m     [36mconst[39m { wasm } [33m=[39m [36mawait[39m 
[36mimport[39m([32m"@prisma/client/runtime/query_compiler_bg.postgresql.wasm-base64.js"[39m)[0m

      at Object.getRuntime (../prisma/generated/internal/class.ts:40:27)
      at 
../node_modules/@prisma/client/src/runtime/core/engines/client/WasmQueryCompilerLoader.ts:28:44
      at Object.loadQueryCompiler 
(../node_modules/@prisma/client/src/runtime/core/engines/client/WasmQueryCompilerLoader.ts:45:7)
      at Dt.#o 
(../node_modules/@prisma/client/src/runtime/core/engines/client/ClientEngine.ts:242:66)
      at #instantiateQueryCompiler 
(../node_modules/@prisma/client/src/runtime/core/engines/client/ClientEngine.ts:170:40)
      at Dt.#i 
(../node_modules/@prisma/client/src/runtime/core/engines/client/ClientEngine.ts:193:16)
      at Dt.start 
(../node_modules/@prisma/client/src/runtime/core/engines/client/ClientEngine.ts:356:5)
      at Proxy.onModuleInit (../src/prisma/prisma.service.ts:13:5)
          at async Promise.all (index 0)
      at callModuleInitHook (../node_modules/@nestjs/core/hooks/on-module-init.hook.js:43:5)
      at Proxy.callInitHook (../node_modules/@nestjs/core/nest-application-context.js:242:13)
      at Proxy.init (../node_modules/@nestjs/core/nest-application.js:103:9)
      at Object.<anonymous> (revenue.e2e-spec.ts:29:5)


  ΓùÅ Test suite failed to run

    TypeError: Cannot read properties of undefined (reading 'revenueRecord')

    [0m [90m 73 |[39m   afterAll([36masync[39m () [33m=>[39m {
     [90m 74 |[39m     [90m// Clean up specifically the data WE created, so we don't mess up the 
user's local test DB[39m
    [31m[1m>[22m[39m[90m 75 |[39m     [36mawait[39m 
prisma[33m.[39mrevenueRecord[33m.[39mdeleteMany({
     [90m    |[39m                  [31m[1m^[22m[39m
     [90m 76 |[39m       where[33m:[39m { rawVendorName[33m:[39m [32m'E2E Test Vendor'[39m 
}[33m,[39m
     [90m 77 |[39m     })[33m;[39m
     [90m 78 |[39m     [36mawait[39m prisma[33m.[39mrevenueReport[33m.[39mdeleteMany({[0m

      at Object.<anonymous> (revenue.e2e-spec.ts:75:18)

Test Suites: 1 failed, 1 total
Tests:       4 failed, 4 total
Snapshots:   0 total
Time:        4.224 s, estimated 7 s
Ran all test suites matching test/revenue.e2e-spec.ts.
Force exiting Jest: Have you considered using `--detectOpenHandles` to detect async operations that 
kept running after all tests finished?
